<!DOCTYPE html>
<html lang="en"><head>
    <meta charset="utf-8">
    <meta name="viewport" content="width=device-width, initial-scale=1">

    <style>
        :root {
            --accent-color: #FF4D4D;
        }
    </style>

    
    
    
    
    
    

    
    <title>httPyze - a Python model for secretProject</title>
    <meta name="description" content="SRE &#43; DEV &#43; OPS">
    <meta name="keywords" content='blog, codedinsugar, hugo, python'>

    <meta property="og:url" content="https://codedinsugar.com/posts/golden/">
    <meta property="og:type" content="website">
    <meta property="og:title" content="httPyze - a Python model for secretProject">
    <meta property="og:description" content="SRE &#43; DEV &#43; OPS">
    <meta property="og:image" content="/images/sugar.png">

    <meta name="twitter:card" content="summary_large_image">
    <meta name="twitter:title" content="httPyze - a Python model for secretProject">
    <meta name="twitter:description" content="SRE &#43; DEV &#43; OPS">
    <meta property="twitter:domain" content="https://codedinsugar.com/posts/golden/">
    <meta property="twitter:url" content="https://codedinsugar.com/posts/golden/">
    <meta name="twitter:image" content="/images/sugar.png">

    
    <link rel="canonical" href="https://codedinsugar.com/posts/golden/" />

    <link rel="stylesheet" type="text/css" href="https://codedinsugar.com/css/normalize.min.css" media="print" onload="this.media='all'">
    <link rel="stylesheet" type="text/css" href="https://codedinsugar.com/css/main.css">
    <link disabled id="dark-theme" rel="stylesheet" href="https://codedinsugar.com/css/dark.css">

    <script src="https://codedinsugar.com/js/svg-injector.min.js"></script>
    <script src="https://codedinsugar.com/js/feather-icons.min.js"></script>
    <script src="https://codedinsugar.com/js/main.js"></script>

    
    
</head>
<body>
        <script type="text/javascript">
            
            setThemeByUserPref();
        </script><header class="header">
    <nav class="header-nav">

        
        <div class="avatar">
            <a href="https://codedinsugar.com">
                <img src="https://codedinsugar.com/images/sugar.png" alt="avatar" />
            </a>
        </div>
        

        <div class="nav-title">
            <a class="nav-brand" href="https://codedinsugar.com">codedinsugar</a>
        </div>

        <div class="nav-links">
            
            <div class="nav-link">
                <a href="https://codedinsugar.com/"><span data-feather='home'></span> Home </a>
            </div>
            
            <div class="nav-link">
                <a href="https://codedinsugar.com/posts/"><span data-feather='code'></span> Posts </a>
            </div>
            
            <div class="nav-link">
                <a href="https://codedinsugar.com/whoami"><span data-feather='cpu'></span> Whoami </a>
            </div>
            
            <div class="nav-link">
                <a href="https://codedinsugar.com/tags/"><span data-feather='tag'></span> Tags </a>
            </div>
            

            <span class="nav-icons-divider"></span>
            <div class="nav-link dark-theme-toggle">
                <span id="dark-theme-toggle-screen-reader-target" class="sr-only"></span>
                <a>
                    <span id="theme-toggle-icon" data-feather="moon"></span>
                </a>
            </div>

            <div class="nav-link" id="hamburger-menu-toggle">
                <span id="hamburger-menu-toggle-screen-reader-target" class="sr-only">menu</span>
                <a>
                    <span data-feather="menu"></span>
                </a>
            </div>

            
            <ul class="nav-hamburger-list visibility-hidden">
                
                <li class="nav-item">
                    <a href="https://codedinsugar.com/"><span data-feather='home'></span> Home </a>
                </li>
                
                <li class="nav-item">
                    <a href="https://codedinsugar.com/posts/"><span data-feather='code'></span> Posts </a>
                </li>
                
                <li class="nav-item">
                    <a href="https://codedinsugar.com/whoami"><span data-feather='cpu'></span> Whoami </a>
                </li>
                
                <li class="nav-item">
                    <a href="https://codedinsugar.com/tags/"><span data-feather='tag'></span> Tags </a>
                </li>
                
                <li class="nav-item dark-theme-toggle">
                    <span id="dark-theme-toggle-screen-reader-target" class="sr-only">theme</span>
                    <a>
                        <span id="theme-toggle-icon" data-feather="moon"></span>
                    </a>
                </li>
            </ul>

        </div>
    </nav>
</header>
<main id="content">
    <div class="post container">
    <div class="post-header-section">
        <h1>httPyze - a Python model for secretProject</h1>
        <small role="doc-subtitle"></small>
        <p class="post-date">
            December 23, 2022
        </p>

        <ul class="post-tags">
        
            <li class="post-tag"><a href="https://codedinsugar.com/tags/blog">blog</a></li>
        
            <li class="post-tag"><a href="https://codedinsugar.com/tags/python">python</a></li>
        
        </ul>
    </div>

    <div class="post-content">
        <p>
            <blockquote>
<p>Everything has beauty, but not everyone sees it.</p>
<p>-Confucius</p>
</blockquote>
<h1 id="python-how-i-love-thee-let-me-count-the-ways">Python how I love thee, let me count the ways</h1>
<p>In a recent social engagement, the topic of discussion was Python.  Somewhere in the middle of the conversation I said something along the lines of &ldquo;I love Python, been reading it for years, wish I could write more of it everyday&rdquo;.  Then it dawned on me, why don&rsquo;t I write Python everyday?  As a Senior SRE, I have to know about a lot of different technologies and how they provide solutions to problems no matter how simple or complex.  Granted I definitely <em>read</em> code everyday but I don&rsquo;t always get to <em>write</em> code everyday.  Let&rsquo;s change that.</p>
<h1 id="httpyze-meets-secretproject">httPyze meets secretProject</h1>
<p>My original plan for secretProject was to build everything entirely in Go for the simple reason of wanting to learn Go.  But why should I limit it to just one language?  That&rsquo;s not realistic at all.  Let&rsquo;s change that.</p>
<p>To simulate what I do for work everyday the best approach here is to build some microservices in Go and some in Python.  This way I can develop an observability palette of different flavors.</p>
<p>Some initial menu items that come to mind:</p>
<ul>
<li>A simple API using <code>from http.server import HTTPServer, BaseHTTPRequestHandler</code></li>
<li>Using podman to build the image and push it to a private DockerHub registry</li>
<li>Deploy httPyze as a Kubernetes Deployment + nodePort Service</li>
</ul>
<p>Let the fun begin!</p>

        </p>
    </div>

    <div class="prev-next">
        
    </div>
</div>



    

        </main><footer class="footer">
    <span>&copy; 2023 codedinsugar.com</span>
</footer>
</body>
</html>
